//
// AUTO-GENERATED FILE. DO NOT MODIFY.
//
// This class was automatically generated by Apollo GraphQL version '$VERSION'.
//
package com.example.nested_named_fragments.fragment

import com.apollographql.apollo3.api.Adapter
import com.apollographql.apollo3.api.CompiledSelection
import com.apollographql.apollo3.api.CustomScalarAdapters
import com.apollographql.apollo3.api.Fragment
import com.apollographql.apollo3.api.json.JsonWriter
import com.apollographql.apollo3.api.obj
import com.example.nested_named_fragments.fragment.selections.planetFragmentSelections
import kotlin.String
import kotlin.collections.List

class PlanetFragmentImpl : Fragment<PlanetFragmentImpl.Data> {
  override fun serializeVariables(writer: JsonWriter, customScalarAdapters: CustomScalarAdapters) {
    // This fragment doesn't have any variable
  }

  override fun adapter(): Adapter<Data> {
    return PlanetFragmentImpl_ResponseAdapter.Data.obj()
  }

  override fun selections(): List<CompiledSelection> = planetFragmentSelections

  data class Data(
    /**
     * The name of this planet.
     */
    override val name: String?
  ) : PlanetFragment, Fragment.Data
}
