//
// AUTO-GENERATED FILE. DO NOT MODIFY.
//
// This class was automatically generated by Apollo GraphQL version '$VERSION'.
//
package com.example.nested_named_fragments.fragment

import kotlin.String
import kotlin.collections.List

interface StarshipFragment {
  /**
   * The ID of an object
   */
  val id: String

  /**
   * The name of this starship. The common name, such as "Death Star".
   */
  val name: String?

  val pilotConnection: PilotConnection?

  interface PilotConnection {
    /**
     * A list of edges.
     */
    val edges: List<Edge?>?

    interface Edge {
      /**
       * The item at the end of the edge
       */
      val node: Node?

      interface Node : PilotFragment {
        val __typename: String

        /**
         * The name of this person.
         */
        override val name: String?

        /**
         * A planet that this person was born on or inhabits.
         */
        override val homeworld: Homeworld?

        interface Homeworld : PlanetFragment, PilotFragment.Homeworld {
          override val __typename: String

          /**
           * The name of this planet.
           */
          override val name: String?

          companion object {
            fun Homeworld.planetFragment() = this as? PlanetFragment
          }
        }

        companion object {
          fun Node.pilotFragment() = this as? PilotFragment
        }
      }
    }
  }
}
