//
// AUTO-GENERATED FILE. DO NOT MODIFY.
//
// This class was automatically generated by Apollo GraphQL version '$VERSION'.
//
package com.example.fragment_spread_with_nested_fields.fragment

import com.apollographql.apollo3.api.Adapter
import com.apollographql.apollo3.api.CustomScalarAdapters
import com.apollographql.apollo3.api.NullableIntAdapter
import com.apollographql.apollo3.api.StringAdapter
import com.apollographql.apollo3.api.json.JsonReader
import com.apollographql.apollo3.api.json.JsonWriter
import com.apollographql.apollo3.api.list
import com.apollographql.apollo3.api.nullable
import com.apollographql.apollo3.api.obj
import kotlin.Int
import kotlin.String
import kotlin.collections.List

object HeroDetailsImpl_ResponseAdapter {
  object HeroDetails : Adapter<com.example.fragment_spread_with_nested_fields.fragment.HeroDetails>
      {
    val RESPONSE_NAMES: List<String> = listOf("name", "friendsConnection")

    override fun fromJson(reader: JsonReader, customScalarAdapters: CustomScalarAdapters):
        com.example.fragment_spread_with_nested_fields.fragment.HeroDetails {
      var name: String? = null
      var friendsConnection: com.example.fragment_spread_with_nested_fields.fragment.HeroDetails.FriendsConnection? = null

      while(true) {
        when (reader.selectName(RESPONSE_NAMES)) {
          0 -> name = StringAdapter.fromJson(reader, customScalarAdapters)
          1 -> friendsConnection = FriendsConnection.obj().fromJson(reader, customScalarAdapters)
          else -> break
        }
      }

      return com.example.fragment_spread_with_nested_fields.fragment.HeroDetails(
        name = name!!,
        friendsConnection = friendsConnection!!
      )
    }

    override fun toJson(
      writer: JsonWriter,
      customScalarAdapters: CustomScalarAdapters,
      value: com.example.fragment_spread_with_nested_fields.fragment.HeroDetails
    ) {
      writer.name("name")
      StringAdapter.toJson(writer, customScalarAdapters, value.name)

      writer.name("friendsConnection")
      FriendsConnection.obj().toJson(writer, customScalarAdapters, value.friendsConnection)
    }
  }

  object FriendsConnection :
      Adapter<com.example.fragment_spread_with_nested_fields.fragment.HeroDetails.FriendsConnection>
      {
    val RESPONSE_NAMES: List<String> = listOf("totalCount", "edges")

    override fun fromJson(reader: JsonReader, customScalarAdapters: CustomScalarAdapters):
        com.example.fragment_spread_with_nested_fields.fragment.HeroDetails.FriendsConnection {
      var totalCount: Int? = null
      var edges: List<com.example.fragment_spread_with_nested_fields.fragment.HeroDetails.Edge?>? = null

      while(true) {
        when (reader.selectName(RESPONSE_NAMES)) {
          0 -> totalCount = NullableIntAdapter.fromJson(reader, customScalarAdapters)
          1 -> edges = Edge.obj().nullable().list().nullable().fromJson(reader,
              customScalarAdapters)
          else -> break
        }
      }

      return com.example.fragment_spread_with_nested_fields.fragment.HeroDetails.FriendsConnection(
        totalCount = totalCount,
        edges = edges
      )
    }

    override fun toJson(
      writer: JsonWriter,
      customScalarAdapters: CustomScalarAdapters,
      value: com.example.fragment_spread_with_nested_fields.fragment.HeroDetails.FriendsConnection
    ) {
      writer.name("totalCount")
      NullableIntAdapter.toJson(writer, customScalarAdapters, value.totalCount)

      writer.name("edges")
      Edge.obj().nullable().list().nullable().toJson(writer, customScalarAdapters, value.edges)
    }
  }

  object Edge : Adapter<com.example.fragment_spread_with_nested_fields.fragment.HeroDetails.Edge> {
    val RESPONSE_NAMES: List<String> = listOf("node")

    override fun fromJson(reader: JsonReader, customScalarAdapters: CustomScalarAdapters):
        com.example.fragment_spread_with_nested_fields.fragment.HeroDetails.Edge {
      var node: com.example.fragment_spread_with_nested_fields.fragment.HeroDetails.Node? = null

      while(true) {
        when (reader.selectName(RESPONSE_NAMES)) {
          0 -> node = Node.obj().nullable().fromJson(reader, customScalarAdapters)
          else -> break
        }
      }

      return com.example.fragment_spread_with_nested_fields.fragment.HeroDetails.Edge(
        node = node
      )
    }

    override fun toJson(
      writer: JsonWriter,
      customScalarAdapters: CustomScalarAdapters,
      value: com.example.fragment_spread_with_nested_fields.fragment.HeroDetails.Edge
    ) {
      writer.name("node")
      Node.obj().nullable().toJson(writer, customScalarAdapters, value.node)
    }
  }

  object Node : Adapter<com.example.fragment_spread_with_nested_fields.fragment.HeroDetails.Node> {
    val RESPONSE_NAMES: List<String> = listOf("name")

    override fun fromJson(reader: JsonReader, customScalarAdapters: CustomScalarAdapters):
        com.example.fragment_spread_with_nested_fields.fragment.HeroDetails.Node {
      var name: String? = null

      while(true) {
        when (reader.selectName(RESPONSE_NAMES)) {
          0 -> name = StringAdapter.fromJson(reader, customScalarAdapters)
          else -> break
        }
      }

      return com.example.fragment_spread_with_nested_fields.fragment.HeroDetails.Node(
        name = name!!
      )
    }

    override fun toJson(
      writer: JsonWriter,
      customScalarAdapters: CustomScalarAdapters,
      value: com.example.fragment_spread_with_nested_fields.fragment.HeroDetails.Node
    ) {
      writer.name("name")
      StringAdapter.toJson(writer, customScalarAdapters, value.name)
    }
  }
}
