//
// AUTO-GENERATED FILE. DO NOT MODIFY.
//
// This class was automatically generated by Apollo GraphQL version '3.0.0-dev7-SNAPSHOT'.
//
package com.example.fragments_with_type_condition.fragment.adapter

import com.apollographql.apollo3.api.NullableDoubleResponseAdapter
import com.apollographql.apollo3.api.ResponseAdapter
import com.apollographql.apollo3.api.ResponseAdapterCache
import com.apollographql.apollo3.api.StringResponseAdapter
import com.apollographql.apollo3.api.json.JsonReader
import com.apollographql.apollo3.api.json.JsonWriter
import com.example.fragments_with_type_condition.fragment.HumanDetailsImpl
import kotlin.Double
import kotlin.String
import kotlin.collections.List

object HumanDetailsImpl_ResponseAdapter {
  object Data : ResponseAdapter<HumanDetailsImpl.Data> {
    val RESPONSE_NAMES: List<String> = listOf("__typename", "name", "height")

    override fun fromResponse(reader: JsonReader, responseAdapterCache: ResponseAdapterCache):
        HumanDetailsImpl.Data {
      var __typename: String? = null
      var name: String? = null
      var height: Double? = null
      while(true) {
        when (reader.selectName(RESPONSE_NAMES)) {
          0 -> __typename = StringResponseAdapter.fromResponse(reader, responseAdapterCache)
          1 -> name = StringResponseAdapter.fromResponse(reader, responseAdapterCache)
          2 -> height = NullableDoubleResponseAdapter.fromResponse(reader, responseAdapterCache)
          else -> break
        }
      }
      return HumanDetailsImpl.Data(
        __typename = __typename!!,
        name = name!!,
        height = height
      )
    }

    override fun toResponse(
      writer: JsonWriter,
      responseAdapterCache: ResponseAdapterCache,
      value: HumanDetailsImpl.Data
    ) {
      writer.name("__typename")
      StringResponseAdapter.toResponse(writer, responseAdapterCache, value.__typename)
      writer.name("name")
      StringResponseAdapter.toResponse(writer, responseAdapterCache, value.name)
      writer.name("height")
      NullableDoubleResponseAdapter.toResponse(writer, responseAdapterCache, value.height)
    }
  }
}
