//
// AUTO-GENERATED FILE. DO NOT MODIFY.
//
// This class was automatically generated by Apollo GraphQL version '$VERSION'.
//
package com.example.named_fragment_delegate.fragment

import com.apollographql.apollo3.api.Adapter
import com.apollographql.apollo3.api.CustomScalarAdapters
import com.apollographql.apollo3.api.FieldSet
import com.apollographql.apollo3.api.Fragment
import com.apollographql.apollo3.api.json.JsonWriter
import com.apollographql.apollo3.api.obj
import com.example.named_fragment_delegate.fragment.responsefields.DroidDetailsImpl_ResponseFields
import kotlin.collections.List

class DroidDetailsImpl : Fragment<DroidDetails> {
  override fun serializeVariables(writer: JsonWriter, customScalarAdapters: CustomScalarAdapters) {
    // This fragment doesn't have any variable
  }

  override fun adapter(): Adapter<DroidDetails> {
    return DroidDetailsImpl_ResponseAdapter.DroidDetails.obj()
  }

  override fun fieldSets(): List<FieldSet> =
      DroidDetailsImpl_ResponseFields.fields.first().fieldSets
}
