//
// AUTO-GENERATED FILE. DO NOT MODIFY.
//
// This class was automatically generated by Apollo GraphQL version '$VERSION'.
//
package com.example.directive_with_fragment.fragment

import kotlin.String

interface HumanDetails {
  val __typename: String

  /**
   * The home planet of the human, or null if unknown
   */
  val homePlanet: String?
}
