//
// AUTO-GENERATED FILE. DO NOT MODIFY.
//
// This class was automatically generated by Apollo GraphQL version '3.0.0-dev7-SNAPSHOT'.
//
package com.example.simple_fragment.fragment

import com.apollographql.apollo3.api.Fragment
import com.apollographql.apollo3.api.ResponseAdapter
import com.apollographql.apollo3.api.ResponseAdapterCache
import com.apollographql.apollo3.api.ResponseField
import com.apollographql.apollo3.api.json.JsonWriter
import com.apollographql.apollo3.api.obj
import com.example.simple_fragment.fragment.responsefields.HeroDetailsImpl_ResponseFields
import kotlin.String
import kotlin.collections.List

/**
 * Fragment with Java / Kotlin docs generation
 * with multi lines support
 */
internal class HeroDetailsImpl : Fragment<HeroDetailsImpl.Data> {
  override fun serializeVariables(writer: JsonWriter, responseAdapterCache: ResponseAdapterCache) {
    // This fragment doesn't have variables
  }

  override fun adapter(): ResponseAdapter<Data> {
    return HeroDetailsImpl_ResponseAdapter.Data.obj()
  }

  override fun responseFields(): List<ResponseField.FieldSet> =
      HeroDetailsImpl_ResponseFields.fields.first().fieldSets

  interface Data : HeroDetails, Fragment.Data {
    override val __typename: String

    companion object {
      fun Data.HumanDetails() = this as? HumanDetails

      fun Data.asCharacterHuman() = this as? HumanData
    }
  }

  data class HumanData(
    override val __typename: String,
    /**
     * What this human calls themselves
     */
    override val name: String
  ) : Data, HumanDetails, HumanHeroDetails

  data class OtherData(
    override val __typename: String
  ) : Data, HeroDetails
}
