//
// AUTO-GENERATED FILE. DO NOT MODIFY.
//
// This class was automatically generated by Apollo GraphQL version '3.0.0-dev7-SNAPSHOT'.
//
package com.example.named_fragment_inside_inline_fragment.fragment.responsefields

import com.apollographql.apollo3.api.ResponseField
import com.apollographql.apollo3.api.list
import com.apollographql.apollo3.api.notNull
import kotlin.Array

object CharacterAppearsInImpl_ResponseFields {
  val fields: Array<ResponseField> = arrayOf(
    ResponseField(
      type = ResponseField.Type.Named.Object("unused"),
      fieldName = "characterAppearsIn",
      fieldSets = listOf(
        ResponseField.FieldSet(null, CharacterAppearsIn.fields),
      ),
    ),
  )


  object CharacterAppearsIn {
    val fields: Array<ResponseField> = arrayOf(
      ResponseField.Typename,
      ResponseField(
        type = ResponseField.Type.Named.Other("unused").list().notNull(),
        fieldName = "appearsIn",
      ),
    )

  }
}
