//
// AUTO-GENERATED FILE. DO NOT MODIFY.
//
// This class was automatically generated by Apollo GraphQL version '$VERSION'.
//
package com.example.reserved_kotlin_keywords

import com.apollographql.apollo3.api.Adapter
import com.apollographql.apollo3.api.CompiledSelection
import com.apollographql.apollo3.api.CustomScalarAdapters
import com.apollographql.apollo3.api.Query
import com.apollographql.apollo3.api.json.JsonWriter
import com.apollographql.apollo3.api.obj
import com.example.reserved_kotlin_keywords.adapter.TestQuery_ResponseAdapter
import com.example.reserved_kotlin_keywords.selections.TestQuerySelections
import kotlin.String
import kotlin.collections.List

class TestQuery : Query<TestQuery.Data> {
  override fun id(): String = OPERATION_ID

  override fun document(): String = OPERATION_DOCUMENT

  override fun name(): String = OPERATION_NAME

  override fun serializeVariables(writer: JsonWriter, customScalarAdapters: CustomScalarAdapters) {
    // This operation doesn't have any variable
  }

  override fun adapter(): Adapter<Data> {
    return TestQuery_ResponseAdapter.Data.obj()
  }

  override fun selections(): List<CompiledSelection> = TestQuerySelections

  data class Data(
    val yield_: Yield?,
    val objects: List<Object?>?
  ) : Query.Data {
    fun objectsFilterNotNull(): List<Object>? = objects?.filterNotNull()

    data class Yield(
      /**
       * The ID of the character
       */
      val it_: String,
      /**
       * The name of the character
       */
      val name: String
    )

    interface Object {
      val __typename: String

      companion object {
        fun Object.asCharacter() = this as? CharacterObject
      }
    }

    data class CharacterObject(
      override val __typename: String,
      /**
       * The name of the character
       */
      val name: String
    ) : Object

    data class OtherObject(
      override val __typename: String
    ) : Object
  }

  companion object {
    const val OPERATION_ID: String =
        "da9796efa24977e73e9b865a993e83961235a63020ff989484d31097ab8e065b"

    /**
     * The minimized GraphQL document being sent to the server to save a few bytes.
     * The un-minimized version is:
     *
     * query TestQuery {
     *   yield: hero {
     *     it: id
     *     name
     *   }
     *   objects: search(text: "abc") {
     *     __typename
     *     ... on Character {
     *       name
     *     }
     *   }
     * }
     */
    const val OPERATION_DOCUMENT: String =
        "query TestQuery { yield: hero { it: id name } objects: search(text: \"abc\") { __typename ... on Character { name } } }"

    const val OPERATION_NAME: String = "TestQuery"
  }
}
