//
// AUTO-GENERATED FILE. DO NOT MODIFY.
//
// This class was automatically generated by Apollo GraphQL version '$VERSION'.
//
package com.example.mutation_create_review_semantic_naming.type

import com.apollographql.apollo3.api.InputObject
import com.apollographql.apollo3.api.Optional
import kotlin.Double
import kotlin.Int

/**
 * The input object sent when passing in a color
 */
data class ColorInput(
  /**
   * Red color
   */
  val red: Optional<Int> = Optional.Absent,
  /**
   * Green color
   */
  val green: Optional<Double?> = Optional.Absent,
  /**
   * Blue color
   */
  val blue: Optional<Double> = Optional.Absent,
  /**
   * for test purpose only
   */
  val enumWithDefaultValue: Optional<Episode?> = Optional.Absent,
  /**
   * Circle ref to review input
   */
  val reviewRefInput: Optional<ReviewRefInput?> = Optional.Absent
) : InputObject
