//
// AUTO-GENERATED FILE. DO NOT MODIFY.
//
// This class was automatically generated by Apollo GraphQL version '3.0.0-dev7-SNAPSHOT'.
//
package com.example.arguments_simple

import com.apollographql.apollo3.api.Query
import com.apollographql.apollo3.api.QueryDocumentMinifier
import com.apollographql.apollo3.api.ResponseAdapter
import com.apollographql.apollo3.api.ResponseAdapterCache
import com.apollographql.apollo3.api.ResponseField
import com.apollographql.apollo3.api.json.JsonWriter
import com.apollographql.apollo3.api.obj
import com.example.arguments_simple.adapter.TestQuery_ResponseAdapter
import com.example.arguments_simple.fragment.HeroDetails
import com.example.arguments_simple.responsefields.TestQuery_ResponseFields
import kotlin.String
import kotlin.collections.List

class TestQuery : Query<TestQuery.Data> {
  override fun operationId(): String = OPERATION_ID

  override fun queryDocument(): String = QUERY_DOCUMENT

  override fun name(): String = OPERATION_NAME

  override fun serializeVariables(writer: JsonWriter, responseAdapterCache: ResponseAdapterCache) {
    // This operation doesn't have variables
  }

  override fun adapter(): ResponseAdapter<Data> {
    return TestQuery_ResponseAdapter.Data.obj()
  }

  override fun responseFields(): List<ResponseField.FieldSet> =
      TestQuery_ResponseFields.fields.first().fieldSets
  data class Data(
    val hero: Hero?
  ) : Query.Data {
    data class Hero(
      val __typename: String,
      /**
       * Synthetic field for inline fragment
       */
      val heroDetails: HeroDetails?
    )
  }

  companion object {
    const val OPERATION_ID: String =
        "0e584759228847090738fc1466ca7378a2efb56afd87b5a4a195a7957ec5783a"

    val QUERY_DOCUMENT: String = QueryDocumentMinifier.minify(
          """
          |query TestQuery {
          |  hero {
          |    __typename
          |    ...HeroDetails
          |  }
          |}
          """.trimMargin()
        )

    const val OPERATION_NAME: String = "TestQuery"
  }
}
