//
// AUTO-GENERATED FILE. DO NOT MODIFY.
//
// This class was automatically generated by Apollo GraphQL version '3.0.0-dev7-SNAPSHOT'.
//
package com.example.directive_with_fragment.fragment

import com.apollographql.apollo3.api.Fragment
import kotlin.String

data class HeroDetails(
  val __typename: String,
  /**
   * The name of the character
   */
  val name: String
) : Fragment.Data
