//
// AUTO-GENERATED FILE. DO NOT MODIFY.
//
// This class was automatically generated by Apollo GraphQL version '$VERSION'.
//
package com.example.simple_inline_fragment

import com.apollographql.apollo3.api.Adapter
import com.apollographql.apollo3.api.CompiledSelection
import com.apollographql.apollo3.api.CustomScalarAdapters
import com.apollographql.apollo3.api.Query
import com.apollographql.apollo3.api.json.JsonWriter
import com.apollographql.apollo3.api.obj
import com.example.simple_inline_fragment.adapter.TestQuery_ResponseAdapter
import com.example.simple_inline_fragment.selections.TestQuerySelections
import kotlin.Double
import kotlin.String
import kotlin.collections.List

class TestQuery : Query<TestQuery.Data> {
  override fun id(): String = OPERATION_ID

  override fun document(): String = OPERATION_DOCUMENT

  override fun name(): String = OPERATION_NAME

  override fun serializeVariables(writer: JsonWriter, customScalarAdapters: CustomScalarAdapters) {
    // This operation doesn't have any variable
  }

  override fun adapter(): Adapter<Data> {
    return TestQuery_ResponseAdapter.Data.obj()
  }

  override fun selections(): List<CompiledSelection> = TestQuerySelections.root

  data class Data(
    val hero: Hero?
  ) : Query.Data

  data class Hero(
    val __typename: String,
    /**
     * The ID of the character
     */
    val id: String,
    /**
     * The name of the character
     */
    val name: String,
    /**
     * Synthetic field for inline fragment on Human
     */
    val asHuman: AsHuman?,
    /**
     * Synthetic field for inline fragment on Droid
     */
    val asDroid: AsDroid?
  )

  data class AsHuman(
    /**
     * Height in the preferred unit, default is meters
     */
    val height: Double?,
    val __typename: String,
    /**
     * The ID of the character
     */
    val id: String,
    /**
     * The name of the character
     */
    val name: String
  )

  data class AsDroid(
    /**
     * This droid's primary function
     */
    val primaryFunction: String?,
    val __typename: String,
    /**
     * The ID of the character
     */
    val id: String,
    /**
     * The name of the character
     */
    val name: String
  )

  companion object {
    const val OPERATION_ID: String =
        "9788d8cb5185e8875c193d2e8aa5cb15fb66916d00f51b55a037b5b8ebffc788"

    /**
     * The minimized GraphQL document being sent to the server to save a few bytes.
     * The un-minimized version is:
     *
     * query TestQuery {
     *   hero {
     *     __typename
     *     ... on Character {
     *       __typename
     *       id
     *       ... on Character {
     *         name
     *       }
     *     }
     *     ... on Human {
     *       height
     *     }
     *     ... on Droid {
     *       primaryFunction
     *     }
     *   }
     * }
     */
    const val OPERATION_DOCUMENT: String =
        "query TestQuery { hero { __typename ... on Character { __typename id ... on Character { name } } ... on Human { height } ... on Droid { primaryFunction } } }"

    const val OPERATION_NAME: String = "TestQuery"
  }
}
