//
// AUTO-GENERATED FILE. DO NOT MODIFY.
//
// This class was automatically generated by Apollo GraphQL version '$VERSION'.
//
package com.example.fragments_with_type_condition.fragment

import com.apollographql.apollo3.api.Adapter
import com.apollographql.apollo3.api.CustomScalarAdapters
import com.apollographql.apollo3.api.FieldSet
import com.apollographql.apollo3.api.Fragment
import com.apollographql.apollo3.api.json.JsonWriter
import com.apollographql.apollo3.api.obj
import com.example.fragments_with_type_condition.fragment.responsefields.HumanDetailsImpl_ResponseFields
import kotlin.Double
import kotlin.String
import kotlin.collections.List

class HumanDetailsImpl : Fragment<HumanDetailsImpl.Data> {
  override fun serializeVariables(writer: JsonWriter, customScalarAdapters: CustomScalarAdapters) {
    // This fragment doesn't have any variable
  }

  override fun adapter(): Adapter<Data> {
    return HumanDetailsImpl_ResponseAdapter.Data.obj()
  }

  override fun fieldSets(): List<FieldSet> =
      HumanDetailsImpl_ResponseFields.fields.first().fieldSets

  data class Data(
    override val __typename: String,
    /**
     * What this human calls themselves
     */
    override val name: String,
    /**
     * Height in the preferred unit, default is meters
     */
    override val height: Double?
  ) : HumanDetails, Fragment.Data
}
