//
// AUTO-GENERATED FILE. DO NOT MODIFY.
//
// This class was automatically generated by Apollo GraphQL version '$VERSION'.
//
package com.example.root_query_inline_fragment

import com.apollographql.apollo3.api.Adapter
import com.apollographql.apollo3.api.CustomScalarAdapters
import com.apollographql.apollo3.api.FieldSet
import com.apollographql.apollo3.api.Query
import com.apollographql.apollo3.api.json.JsonWriter
import com.apollographql.apollo3.api.obj
import com.example.root_query_inline_fragment.adapter.TestQuery_ResponseAdapter
import com.example.root_query_inline_fragment.responsefields.TestQuery_ResponseFields
import com.example.root_query_inline_fragment.type.Episode
import kotlin.Double
import kotlin.String
import kotlin.collections.List

class TestQuery : Query<TestQuery.Data> {
  override fun id(): String = OPERATION_ID

  override fun document(): String = OPERATION_DOCUMENT

  override fun name(): String = OPERATION_NAME

  override fun serializeVariables(writer: JsonWriter, customScalarAdapters: CustomScalarAdapters) {
    // This operation doesn't have any variable
  }

  override fun adapter(): Adapter<Data> {
    return TestQuery_ResponseAdapter.Data.obj()
  }

  override fun fieldSets(): List<FieldSet> = TestQuery_ResponseFields.fields.first().fieldSets

  data class Data(
    val __typename: String,
    /**
     * Synthetic field for inline fragment on Query
     */
    val asQuery: AsQuery?
  ) : Query.Data

  data class AsHuman(
    /**
     * Height in the preferred unit, default is meters
     */
    val height: Double?,
    val __typename: String,
    /**
     * What this human calls themselves
     */
    val name: String,
    /**
     * The movies this human appears in
     */
    val appearsIn: List<Episode?>
  ) {
    fun appearsInFilterNotNull(): List<Episode> = appearsIn.filterNotNull()
  }

  data class Hero(
    val __typename: String,
    /**
     * The name of the character
     */
    val name: String,
    /**
     * The movies this character appears in
     */
    val appearsIn: List<Episode?>,
    /**
     * Synthetic field for inline fragment on Human
     */
    val asHuman: AsHuman?
  ) {
    fun appearsInFilterNotNull(): List<Episode> = appearsIn.filterNotNull()
  }

  data class AsDroid(
    /**
     * What others call this droid
     */
    val name: String,
    /**
     * This droid's primary function
     */
    val primaryFunction: String?,
    val __typename: String
  )

  data class Droid(
    val __typename: String,
    /**
     * Synthetic field for inline fragment on Droid
     */
    val asDroid: AsDroid?
  )

  data class AsQuery(
    val __typename: String,
    val hero: Hero?,
    val droid: Droid?
  )

  companion object {
    const val OPERATION_ID: String =
        "25584d760eab0f41189b9f2bbdbba3c0ec491aced65ef23924ecdc8f41ffe78c"

    /**
     * The minimized GraphQL document being sent to the server to save a few bytes.
     * The un-minimized version is:
     *
     * query TestQuery {
     *   __typename
     *   ... on Query {
     *     __typename
     *     hero {
     *       __typename
     *       name
     *       appearsIn
     *       ... on Human {
     *         height
     *       }
     *     }
     *     droid(id: 1) {
     *       __typename
     *       ... on Droid {
     *         name
     *         primaryFunction
     *       }
     *     }
     *   }
     * }
     */
    const val OPERATION_DOCUMENT: String =
        "query TestQuery { __typename ... on Query { __typename hero { __typename name appearsIn ... on Human { height } } droid(id: 1) { __typename ... on Droid { name primaryFunction } } } }"

    const val OPERATION_NAME: String = "TestQuery"
  }
}
