// AUTO-GENERATED FILE. DO NOT MODIFY.
//
// This class was automatically generated by Apollo GraphQL plugin from the GraphQL queries it found.
// It should not be modified by hand.
//
package com.example.named_fragment_delegate.fragment.adapter

import com.apollographql.apollo3.api.ResponseAdapter
import com.apollographql.apollo3.api.ResponseAdapterCache
import com.apollographql.apollo3.api.json.JsonReader
import com.apollographql.apollo3.api.json.JsonWriter
import com.example.named_fragment_delegate.fragment.DroidDetailsImpl
import kotlin.IllegalStateException

class DroidDetailsImpl_Adapter(
  responseAdapterCache: ResponseAdapterCache
) : ResponseAdapter<DroidDetailsImpl> {
  override fun fromResponse(reader: JsonReader): DroidDetailsImpl = throw
      IllegalStateException("Input type used in output position")
  override fun toResponse(writer: JsonWriter, value: DroidDetailsImpl) {
    writer.beginObject()
    writer.endObject()
  }
}
