// AUTO-GENERATED FILE. DO NOT MODIFY.
//
// This class was automatically generated by Apollo GraphQL plugin from the GraphQL queries it found.
// It should not be modified by hand.
//
package com.example.simple_fragment.fragment

import com.apollographql.apollo3.api.Fragment
import com.apollographql.apollo3.api.ResponseAdapter
import com.apollographql.apollo3.api.ResponseAdapterCache
import com.apollographql.apollo3.api.ResponseField
import com.apollographql.apollo3.api.json.JsonWriter
import com.example.simple_fragment.fragment.adapter.HumanDetails_Adapter
import com.example.simple_fragment.fragment.adapter.HumanDetails_ResponseAdapter
import kotlin.String
import kotlin.collections.List

internal class HumanDetails : Fragment<HumanDetails.Data> {
  override fun adapter(responseAdapterCache: ResponseAdapterCache): ResponseAdapter<Data> {
    val adapter = responseAdapterCache.getAdapterFor(this::class) {
      HumanDetails_ResponseAdapter(responseAdapterCache)
    }
    return adapter
  }

  override fun responseFields(): List<ResponseField.FieldSet> = listOf(
    ResponseField.FieldSet(null, HumanDetails_ResponseAdapter.RESPONSE_FIELDS)
  )
  override fun serializeVariables(writer: JsonWriter, responseAdapterCache: ResponseAdapterCache) {
    responseAdapterCache.getVariablesAdapterFor(this::class) {
      HumanDetails_Adapter(responseAdapterCache)
    }.toResponse(writer, this)
  }

  /**
   * A humanoid creature from the Star Wars universe
   */
  data class Data(
    val __typename: String = "Human",
    /**
     * What this human calls themselves
     */
    val name: String
  ) : Fragment.Data
}
