// AUTO-GENERATED FILE. DO NOT MODIFY.
//
// This class was automatically generated by Apollo GraphQL plugin from the GraphQL queries it found.
// It should not be modified by hand.
//
package com.example.fragment_used_twice.fragment

import com.apollographql.apollo3.api.Fragment
import com.apollographql.apollo3.api.ResponseAdapterCache
import com.apollographql.apollo3.api.ResponseField
import com.apollographql.apollo3.api.internal.ResponseAdapter
import com.apollographql.apollo3.api.internal.json.JsonWriter
import com.example.fragment_used_twice.fragment.adapter.CharacterDetailsImpl_Adapter
import com.example.fragment_used_twice.fragment.adapter.CharacterDetailsImpl_ResponseAdapter
import kotlin.Any
import kotlin.String
import kotlin.collections.List

class CharacterDetailsImpl : Fragment<CharacterDetailsImpl.Data> {
  override fun adapter(responseAdapterCache: ResponseAdapterCache): ResponseAdapter<Data> {
    val adapter = responseAdapterCache.getAdapterFor(this::class) {
      CharacterDetailsImpl_ResponseAdapter(responseAdapterCache)
    }
    return adapter
  }

  override fun responseFields(): List<ResponseField.FieldSet> = listOf(
    ResponseField.FieldSet(null, CharacterDetailsImpl_ResponseAdapter.RESPONSE_FIELDS)
  )
  override fun serializeVariables(writer: JsonWriter, responseAdapterCache: ResponseAdapterCache) {
    responseAdapterCache.getVariablesAdapterFor(this::class) {
      CharacterDetailsImpl_Adapter(responseAdapterCache)
    }.toResponse(writer, this)
  }

  /**
   * A character from the Star Wars universe
   */
  data class Data(
    override val __typename: String = "Character",
    /**
     * The name of the character
     */
    override val name: String,
    /**
     * The date character was born.
     */
    override val birthDate: Any
  ) : CharacterDetails, Fragment.Data
}
