//
// AUTO-GENERATED FILE. DO NOT MODIFY.
//
// This class was automatically generated by Apollo GraphQL version '$VERSION'.
//
package com.example.multiple_fragments.fragment

import com.apollographql.apollo3.api.Adapter
import com.apollographql.apollo3.api.CompiledSelection
import com.apollographql.apollo3.api.CustomScalarAdapters
import com.apollographql.apollo3.api.Fragment
import com.apollographql.apollo3.api.json.JsonWriter
import com.apollographql.apollo3.api.obj
import com.example.multiple_fragments.fragment.selections.fragment1Selections
import kotlin.collections.List

class Fragment1Impl : Fragment<Fragment1> {
  override fun serializeVariables(writer: JsonWriter, customScalarAdapters: CustomScalarAdapters) {
    // This fragment doesn't have any variable
  }

  override fun adapter(): Adapter<Fragment1> {
    return Fragment1Impl_ResponseAdapter.Fragment1.obj()
  }

  override fun selections(): List<CompiledSelection> = fragment1Selections.root
}
