//
// AUTO-GENERATED FILE. DO NOT MODIFY.
//
// This class was automatically generated by Apollo GraphQL version '$VERSION'.
//
package com.example.antlr_tokens.responsefields

import com.apollographql.apollo3.api.ResponseField
import com.apollographql.apollo3.api.Variable
import kotlin.Array

object TestQuery_ResponseFields {
  val fields: Array<ResponseField> = arrayOf(
    ResponseField(
      type = ResponseField.Type.Named.Object("unused"),
      fieldName = "data",
      fieldSets = listOf(
        ResponseField.FieldSet(null, Data.fields),
      ),
    ),
  )


  object Data {
    val fields: Array<ResponseField> = arrayOf(
      ResponseField(
        type = ResponseField.Type.Named.Object("unused"),
        fieldName = "typeWithGraphQLKeywords",
        fieldSets = listOf(
          ResponseField.FieldSet(null, TypeWithGraphQLKeywords.fields),
        ),
      ),
    )


    object TypeWithGraphQLKeywords {
      val fields: Array<ResponseField> = arrayOf(
        ResponseField(
          type = ResponseField.Type.Named.Other("unused"),
          fieldName = "on",
        ),
        ResponseField(
          type = ResponseField.Type.Named.Other("unused"),
          fieldName = "null",
          arguments = mapOf("fragment" to Variable("operation")
          ),
        ),
        ResponseField(
          type = ResponseField.Type.Named.Other("unused"),
          fieldName = "null",
          responseName = "alias",
          arguments = mapOf("fragment" to """
            |A string
            |with a new line
            """.trimMargin()
          ),
        ),
      )

    }
  }
}
