//
// AUTO-GENERATED FILE. DO NOT MODIFY.
//
// This class was automatically generated by Apollo GraphQL version '$VERSION'.
//
package com.example.fragments_with_type_condition.fragment

import com.apollographql.apollo3.api.Fragment
import kotlin.String

data class DroidDetails(
  /**
   * What others call this droid
   */
  val name: String,
  /**
   * This droid's primary function
   */
  val primaryFunction: String?
) : Fragment.Data
