//
// AUTO-GENERATED FILE. DO NOT MODIFY.
//
// This class was automatically generated by Apollo GraphQL version '3.0.0-dev8-SNAPSHOT'.
//
package com.example.not_all_combinations_are_needed.type

import com.apollographql.apollo3.api.Interface
import com.apollographql.apollo3.api.Object
import com.apollographql.apollo3.api.SchemaType
import com.apollographql.apollo3.api.possibleTypes
import kotlin.collections.List

/**
 * Auto generated constants representing the custom scalars, objects, interfaces and unions in the
 * schema. Input objects are left out because they are generated separately
 */
object Types {
  val A: Interface = Interface("A")

  val B: Interface = Interface("B")

  val C: Interface = Interface("C")

  val Query: Object = Object("Query")

  val ABC: Object = Object("ABC", A, B, C)

  val SomeC: Object = Object("SomeC", C)

  val SomeBC: Object = Object("SomeBC", C, B)

  val all: List<SchemaType> = listOf(
        A, B, C, Query, ABC, SomeC, SomeBC)


  fun possibleTypes(type: SchemaType): List<Object> = possibleTypes(all, type)
}
