//
// AUTO-GENERATED FILE. DO NOT MODIFY.
//
// This class was automatically generated by Apollo GraphQL version '3.0.0-dev6-SNAPSHOT'.
//
package com.example.variable_default_value

import com.apollographql.apollo3.api.Input
import com.apollographql.apollo3.api.Query
import com.apollographql.apollo3.api.QueryDocumentMinifier
import com.apollographql.apollo3.api.ResponseAdapter
import com.apollographql.apollo3.api.ResponseAdapterCache
import com.apollographql.apollo3.api.ResponseField
import com.apollographql.apollo3.api.json.JsonWriter
import com.apollographql.apollo3.api.obj
import com.example.variable_default_value.adapter.TestQuery_ResponseAdapter
import com.example.variable_default_value.adapter.TestQuery_VariablesAdapter
import com.example.variable_default_value.responsefields.TestQuery_ResponseFields
import com.example.variable_default_value.type.Episode
import kotlin.String
import kotlin.collections.List

data class TestQuery(
  val episode: Input<Episode> = Input.Absent
) : Query<TestQuery.Data> {
  override fun operationId(): String = OPERATION_ID

  override fun queryDocument(): String = QUERY_DOCUMENT

  override fun name(): String = OPERATION_NAME

  override fun serializeVariables(writer: JsonWriter, responseAdapterCache: ResponseAdapterCache) {
    TestQuery_VariablesAdapter.obj().toResponse(writer, responseAdapterCache, this)
  }

  override fun adapter(): ResponseAdapter<Data> {
    return TestQuery_ResponseAdapter.Data.obj()
  }

  override fun responseFields(): List<ResponseField.FieldSet> =
      TestQuery_ResponseFields.fields.first().fieldSets
  data class Data(
    val hero: Hero?
  ) : Query.Data {
    data class Hero(
      /**
       * The name of the character
       */
      val name: String
    )
  }

  companion object {
    const val OPERATION_ID: String = "TestQuery"

    val QUERY_DOCUMENT: String = QueryDocumentMinifier.minify(
          """
          |query TestQuery(${'$'}episode: Episode! = JEDI ) {
          |  hero(episode: ${'$'}episode) {
          |    name
          |  }
          |}
          """.trimMargin()
        )

    const val OPERATION_NAME: String = "TestQuery"
  }
}
