//
// AUTO-GENERATED FILE. DO NOT MODIFY.
//
// This class was automatically generated by Apollo GraphQL version '3.0.0-dev7-SNAPSHOT'.
//
package com.example.named_fragment_without_implementation

import com.apollographql.apollo3.api.Query
import com.apollographql.apollo3.api.ResponseAdapter
import com.apollographql.apollo3.api.ResponseAdapterCache
import com.apollographql.apollo3.api.ResponseField
import com.apollographql.apollo3.api.json.JsonWriter
import com.apollographql.apollo3.api.obj
import com.example.named_fragment_without_implementation.adapter.TestQuery_ResponseAdapter
import com.example.named_fragment_without_implementation.fragment.HumanDetails
import com.example.named_fragment_without_implementation.responsefields.TestQuery_ResponseFields
import kotlin.Double
import kotlin.String
import kotlin.collections.List

class TestQuery : Query<TestQuery.Data> {
  override fun id(): String = OPERATION_ID

  override fun document(): String = OPERATION_DOCUMENT

  override fun name(): String = OPERATION_NAME

  override fun serializeVariables(writer: JsonWriter, responseAdapterCache: ResponseAdapterCache) {
    // This operation doesn't have variables
  }

  override fun adapter(): ResponseAdapter<Data> {
    return TestQuery_ResponseAdapter.Data.obj()
  }

  override fun responseFields(): List<ResponseField.FieldSet> =
      TestQuery_ResponseFields.fields.first().fieldSets

  data class Data(
    val hero: Hero?
  ) : Query.Data {
    interface Hero {
      val __typename: String

      /**
       * The name of the character
       */
      val name: String

      companion object {
        fun Hero.HumanDetails() = this as? HumanDetails

        fun Hero.asCharacterHuman() = this as? HumanHero

        fun Hero.asCharacterDroid() = this as? DroidHero
      }
    }

    data class HumanHero(
      override val __typename: String,
      /**
       * The name of the character
       */
      override val name: String,
      /**
       * Height in the preferred unit, default is meters
       */
      override val height: Double?
    ) : Hero, HumanDetails

    data class DroidHero(
      override val __typename: String,
      /**
       * The name of the character
       */
      override val name: String,
      /**
       * This droid's primary function
       */
      val primaryFunction: String?
    ) : Hero

    data class OtherHero(
      override val __typename: String,
      /**
       * The name of the character
       */
      override val name: String
    ) : Hero
  }

  companion object {
    const val OPERATION_ID: String =
        "269d7f585afcba8e89a05a9862e179d5d5032b10a5b62950e71e481d61e81444"

    /**
     * The minimized GraphQL document being sent to the server to save a few bytes.
     * The un-minimized version is:
     *
     * query TestQuery {
     *   hero {
     *     __typename
     *     name
     *     ...HumanDetails
     *     ...DroidDetails
     *   }
     * }
     */
    const val OPERATION_DOCUMENT: String =
        "query TestQuery { hero { __typename name ...HumanDetails ...DroidDetails } }"

    const val OPERATION_NAME: String = "TestQuery"
  }
}
