// AUTO-GENERATED FILE. DO NOT MODIFY.
//
// This class was automatically generated by Apollo GraphQL plugin from the GraphQL queries it found.
// It should not be modified by hand.
//
package com.example.fragment_in_fragment.fragment.adapter

import com.apollographql.apollo3.api.ResponseAdapter
import com.apollographql.apollo3.api.ResponseAdapterCache
import com.apollographql.apollo3.api.json.JsonReader
import com.apollographql.apollo3.api.json.JsonWriter
import com.example.fragment_in_fragment.fragment.StarshipFragment
import kotlin.IllegalStateException

class StarshipFragment_Adapter(
  responseAdapterCache: ResponseAdapterCache
) : ResponseAdapter<StarshipFragment> {
  override fun fromResponse(reader: JsonReader): StarshipFragment = throw
      IllegalStateException("Input type used in output position")
  override fun toResponse(writer: JsonWriter, value: StarshipFragment) {
    writer.beginObject()
    writer.endObject()
  }
}
