//
// AUTO-GENERATED FILE. DO NOT MODIFY.
//
// This class was automatically generated by Apollo GraphQL version '$VERSION'.
//
package com.example.fragments_same_type_condition.fragment

import com.apollographql.apollo3.api.Adapter
import com.apollographql.apollo3.api.CustomScalarAdapters
import com.apollographql.apollo3.api.NullableStringAdapter
import com.apollographql.apollo3.api.json.JsonReader
import com.apollographql.apollo3.api.json.JsonWriter
import kotlin.String
import kotlin.collections.List

object DroidDetails2Impl_ResponseAdapter {
  object DroidDetails2 : Adapter<com.example.fragments_same_type_condition.fragment.DroidDetails2> {
    val RESPONSE_NAMES: List<String> = listOf("primaryFunction")

    override fun fromJson(reader: JsonReader, customScalarAdapters: CustomScalarAdapters):
        com.example.fragments_same_type_condition.fragment.DroidDetails2 {
      var primaryFunction: String? = null

      while(true) {
        when (reader.selectName(RESPONSE_NAMES)) {
          0 -> primaryFunction = NullableStringAdapter.fromJson(reader, customScalarAdapters)
          else -> break
        }
      }

      return com.example.fragments_same_type_condition.fragment.DroidDetails2(
        primaryFunction = primaryFunction
      )
    }

    override fun toJson(
      writer: JsonWriter,
      customScalarAdapters: CustomScalarAdapters,
      value: com.example.fragments_same_type_condition.fragment.DroidDetails2
    ) {
      writer.name("primaryFunction")
      NullableStringAdapter.toJson(writer, customScalarAdapters, value.primaryFunction)
    }
  }
}
