// AUTO-GENERATED FILE. DO NOT MODIFY.
//
// This class was automatically generated by Apollo GraphQL plugin from the GraphQL queries it found.
// It should not be modified by hand.
//
package com.example.named_fragment_with_variables.fragment.adapter

import com.apollographql.apollo3.api.IntResponseAdapter
import com.apollographql.apollo3.api.ResponseAdapter
import com.apollographql.apollo3.api.ResponseAdapterCache
import com.apollographql.apollo3.api.json.JsonReader
import com.apollographql.apollo3.api.json.JsonWriter
import com.example.named_fragment_with_variables.fragment.UserFragmentImpl
import kotlin.IllegalStateException
import kotlin.Int

class UserFragmentImpl_Adapter(
  responseAdapterCache: ResponseAdapterCache
) : ResponseAdapter<UserFragmentImpl> {
  private val intAdapter: ResponseAdapter<Int> = IntResponseAdapter

  override fun fromResponse(reader: JsonReader): UserFragmentImpl = throw
      IllegalStateException("Input type used in output position")
  override fun toResponse(writer: JsonWriter, value: UserFragmentImpl) {
    writer.beginObject()
    writer.name("size")
    intAdapter.toResponse(writer, value.size)
    writer.endObject()
  }
}
