//
// AUTO-GENERATED FILE. DO NOT MODIFY.
//
// This class was automatically generated by Apollo GraphQL version '3.0.0-dev7-SNAPSHOT'.
//
package com.example.fragment_in_fragment.fragment.responsefields

import com.apollographql.apollo3.api.ResponseField
import kotlin.Array

object PilotFragmentImpl_ResponseFields {
  val fields: Array<ResponseField> = arrayOf(
    ResponseField(
      type = ResponseField.Type.Named.Object("unused"),
      fieldName = "pilotFragment",
      fieldSets = listOf(
        ResponseField.FieldSet(null, PilotFragment.fields),
      ),
    ),
  )


  object PilotFragment {
    val fields: Array<ResponseField> = arrayOf(
      ResponseField.Typename,
      ResponseField(
        type = ResponseField.Type.Named.Other("unused"),
        fieldName = "name",
      ),
      ResponseField(
        type = ResponseField.Type.Named.Object("unused"),
        fieldName = "homeworld",
        fieldSets = listOf(
          ResponseField.FieldSet(null, Homeworld.fields),
        ),
      ),
    )


    object Homeworld {
      val fields: Array<ResponseField> = arrayOf(
        ResponseField.Typename,
        ResponseField(
          type = ResponseField.Type.Named.Object("unused"),
          fieldName = "planetFragment",
        ),
      )

    }
  }
}
