//
// AUTO-GENERATED FILE. DO NOT MODIFY.
//
// This class was automatically generated by Apollo GraphQL version '3.0.0-dev7-SNAPSHOT'.
//
package com.example.fragment_in_fragment.fragment.responsefields

import com.apollographql.apollo3.api.ResponseField
import com.apollographql.apollo3.api.list
import com.apollographql.apollo3.api.notNull
import kotlin.Array

object StarshipFragmentImpl_ResponseFields {
  val fields: Array<ResponseField> = arrayOf(
    ResponseField(
      type = ResponseField.Type.Named.Object("unused"),
      fieldName = "starshipFragment",
      fieldSets = listOf(
        ResponseField.FieldSet(null, StarshipFragment.fields),
      ),
    ),
  )


  object StarshipFragment {
    val fields: Array<ResponseField> = arrayOf(
      ResponseField.Typename,
      ResponseField(
        type = ResponseField.Type.Named.Other("unused").notNull(),
        fieldName = "id",
      ),
      ResponseField(
        type = ResponseField.Type.Named.Other("unused"),
        fieldName = "name",
      ),
      ResponseField(
        type = ResponseField.Type.Named.Object("unused"),
        fieldName = "pilotConnection",
        fieldSets = listOf(
          ResponseField.FieldSet(null, PilotConnection.fields),
        ),
      ),
    )


    object PilotConnection {
      val fields: Array<ResponseField> = arrayOf(
        ResponseField(
          type = ResponseField.Type.Named.Object("unused").list(),
          fieldName = "edges",
          fieldSets = listOf(
            ResponseField.FieldSet(null, Edges.fields),
          ),
        ),
      )


      object Edges {
        val fields: Array<ResponseField> = arrayOf(
          ResponseField(
            type = ResponseField.Type.Named.Object("unused"),
            fieldName = "node",
            fieldSets = listOf(
              ResponseField.FieldSet(null, Node.fields),
            ),
          ),
        )


        object Node {
          val fields: Array<ResponseField> = arrayOf(
            ResponseField.Typename,
            ResponseField(
              type = ResponseField.Type.Named.Object("unused"),
              fieldName = "pilotFragment",
            ),
          )

        }
      }
    }
  }
}
