//
// AUTO-GENERATED FILE. DO NOT MODIFY.
//
// This class was automatically generated by Apollo GraphQL version '$VERSION'.
//
package com.example.fragments_same_type_condition.fragment

import com.apollographql.apollo3.api.Adapter
import com.apollographql.apollo3.api.CompiledSelection
import com.apollographql.apollo3.api.CustomScalarAdapters
import com.apollographql.apollo3.api.Fragment
import com.apollographql.apollo3.api.json.JsonWriter
import com.apollographql.apollo3.api.obj
import com.example.fragments_same_type_condition.fragment.selections.DroidDetails1Selections
import kotlin.String
import kotlin.collections.List

class DroidDetails1Impl : Fragment<DroidDetails1Impl.Data> {
  override fun serializeVariables(writer: JsonWriter, customScalarAdapters: CustomScalarAdapters) {
    // This fragment doesn't have any variable
  }

  override fun adapter(): Adapter<Data> {
    return DroidDetails1Impl_ResponseAdapter.Data.obj()
  }

  override fun selections(): List<CompiledSelection> = DroidDetails1Selections

  data class Data(
    /**
     * What others call this droid
     */
    override val name: String
  ) : DroidDetails1, Fragment.Data
}
