// AUTO-GENERATED FILE. DO NOT MODIFY.
//
// This class was automatically generated by Apollo GraphQL plugin from the GraphQL queries it found.
// It should not be modified by hand.
//
package com.example.nested_conditional_inline

import com.apollographql.apollo3.api.Input
import com.apollographql.apollo3.api.Operation
import com.apollographql.apollo3.api.Query
import com.apollographql.apollo3.api.ResponseAdapterCache
import com.apollographql.apollo3.api.ResponseField
import com.apollographql.apollo3.api.internal.QueryDocumentMinifier
import com.apollographql.apollo3.api.internal.ResponseAdapter
import com.apollographql.apollo3.api.internal.json.JsonWriter
import com.example.nested_conditional_inline.adapter.TestQuery_Adapter
import com.example.nested_conditional_inline.adapter.TestQuery_ResponseAdapter
import com.example.nested_conditional_inline.type.Episode
import kotlin.Double
import kotlin.String
import kotlin.Suppress
import kotlin.collections.List

@Suppress("NAME_SHADOWING", "UNUSED_ANONYMOUS_PARAMETER", "LocalVariableName",
    "RemoveExplicitTypeArguments", "NestedLambdaShadowedImplicitParameter", "PropertyName",
    "RemoveRedundantQualifierName")
data class TestQuery(
  val episode: Input<Episode?> = Input.Absent
) : Query<TestQuery.Data> {
  override fun operationId(): String = OPERATION_ID

  override fun queryDocument(): String = QUERY_DOCUMENT

  override fun serializeVariables(writer: JsonWriter, responseAdapterCache: ResponseAdapterCache) {
    responseAdapterCache.getVariablesAdapterFor(this::class) {
      TestQuery_Adapter(responseAdapterCache)
    }.toResponse(writer, this)
  }

  override fun name(): String = OPERATION_NAME

  override fun adapter(responseAdapterCache: ResponseAdapterCache): ResponseAdapter<Data> {
    val adapter = responseAdapterCache.getAdapterFor(this::class) {
      TestQuery_ResponseAdapter(responseAdapterCache)
    }
    return adapter
  }

  override fun responseFields(): List<ResponseField.FieldSet> = listOf(
    ResponseField.FieldSet(null, TestQuery_ResponseAdapter.RESPONSE_FIELDS)
  )
  /**
   * The query type, represents all of the entry points into our object graph
   */
  data class Data(
    val hero: Hero?
  ) : Operation.Data {
    /**
     * A character from the Star Wars universe
     */
    interface Hero {
      val __typename: String

      /**
       * The name of the character
       */
      val name: String

      data class HumanHero(
        override val __typename: String,
        /**
         * The name of the character
         */
        override val name: String,
        /**
         * This human's friends, or an empty list if they have none
         */
        val friends: List<Friends?>?
      ) : Hero {
        /**
         * A character from the Star Wars universe
         */
        interface Friends {
          val __typename: String

          /**
           * The name of the character
           */
          val name: String

          data class HumanFriends(
            override val __typename: String,
            /**
             * The name of the character
             */
            override val name: String,
            /**
             * Height in the preferred unit, default is meters
             */
            val height: Double?
          ) : Friends

          data class OtherFriends(
            override val __typename: String,
            /**
             * The name of the character
             */
            override val name: String
          ) : Friends

          companion object {
            fun Friends.asHumanFriends(): HumanFriends? = this as? HumanFriends
          }
        }
      }

      data class DroidHero(
        override val __typename: String,
        /**
         * The name of the character
         */
        override val name: String,
        /**
         * This droid's friends, or an empty list if they have none
         */
        val friends: List<Friends?>?
      ) : Hero {
        /**
         * A character from the Star Wars universe
         */
        interface Friends {
          val __typename: String

          /**
           * The name of the character
           */
          val name: String

          data class HumanFriends(
            override val __typename: String,
            /**
             * The name of the character
             */
            override val name: String,
            /**
             * Height in the preferred unit, default is meters
             */
            val height: Double?
          ) : Friends

          data class OtherFriends(
            override val __typename: String,
            /**
             * The name of the character
             */
            override val name: String
          ) : Friends

          companion object {
            fun Friends.asHumanFriends(): HumanFriends? = this as? HumanFriends
          }
        }
      }

      data class OtherHero(
        override val __typename: String,
        /**
         * The name of the character
         */
        override val name: String
      ) : Hero

      companion object {
        fun Hero.asHumanHero(): HumanHero? = this as? HumanHero

        fun Hero.asDroidHero(): DroidHero? = this as? DroidHero
      }
    }
  }

  companion object {
    const val OPERATION_ID: String =
        "a9f066a7d1092096ab154f16f32114a4bd71e959b789f37879249cdf6309ea86"

    val QUERY_DOCUMENT: String = QueryDocumentMinifier.minify(
          """
          |query TestQuery(${'$'}episode: Episode) {
          |  hero(episode: ${'$'}episode) {
          |    __typename
          |    name
          |    ... on Human {
          |      friends {
          |        __typename
          |        name
          |        ... on Human {
          |          height(unit: FOOT)
          |        }
          |      }
          |    }
          |    ... on Droid {
          |      friends {
          |        __typename
          |        name
          |        ... on Human {
          |          height(unit: METER)
          |        }
          |      }
          |    }
          |  }
          |}
          """.trimMargin()
        )

    val OPERATION_NAME: String = "TestQuery"
  }
}
