//
// AUTO-GENERATED FILE. DO NOT MODIFY.
//
// This class was automatically generated by Apollo GraphQL version '$VERSION'.
//
package com.example.nested_named_fragments.fragment.selections

import com.apollographql.apollo3.api.CompiledCompoundType
import com.apollographql.apollo3.api.CompiledField
import com.apollographql.apollo3.api.CompiledFragment
import com.apollographql.apollo3.api.CompiledOtherType
import com.apollographql.apollo3.api.CompiledSelection
import com.apollographql.apollo3.api.notNull
import kotlin.collections.List

private val homeworld: List<CompiledSelection> = listOf(
      CompiledField(
        name = "__typename",
        type = CompiledOtherType("unused").notNull()
      ),
      CompiledFragment(
        possibleTypes = listOf("Planet"),
        selections = planetFragmentSelections
      )
    )

val pilotFragmentSelections: List<CompiledSelection> = listOf(
      CompiledField(
        name = "name",
        type = CompiledOtherType("unused")
      ),
      CompiledField(
        name = "homeworld",
        type = CompiledCompoundType("unused"),
        selections = homeworld
      )
    )
