//
// AUTO-GENERATED FILE. DO NOT MODIFY.
//
// This class was automatically generated by Apollo GraphQL version '$VERSION'.
//
package com.example.arguments_complex.type

import com.apollographql.apollo3.api.InputObject
import com.apollographql.apollo3.api.Optional
import kotlin.Suppress

/**
 * Circle ref to review input
 */
@Suppress("NAME_SHADOWING", "UNUSED_ANONYMOUS_PARAMETER", "LocalVariableName",
    "RemoveExplicitTypeArguments", "NestedLambdaShadowedImplicitParameter", "PropertyName",
    "RemoveRedundantQualifierName")
data class ReviewRefInput(
  val reviewInput: Optional<ReviewInput?>? = Optional.Absent
) : InputObject
