//
// AUTO-GENERATED FILE. DO NOT MODIFY.
//
// This class was automatically generated by Apollo GraphQL version '3.0.0-dev7-SNAPSHOT'.
//
package com.example.interface_on_interface.responsefields

import com.apollographql.apollo3.api.ResponseField
import com.apollographql.apollo3.api.notNull
import kotlin.Array

object GetHuman_ResponseFields {
  val fields: Array<ResponseField> = arrayOf(
    ResponseField(
      type = ResponseField.Type.Named.Object("unused"),
      fieldName = "data",
      fieldSets = listOf(
        ResponseField.FieldSet(null, Data.fields),
      ),
    ),
  )


  object Data {
    val fields: Array<ResponseField> = arrayOf(
      ResponseField(
        type = ResponseField.Type.Named.Object("unused").notNull(),
        fieldName = "human",
        fieldSets = listOf(
          ResponseField.FieldSet(null, Human.fields),
        ),
      ),
      ResponseField(
        type = ResponseField.Type.Named.Object("unused").notNull(),
        fieldName = "node",
        fieldSets = listOf(
          ResponseField.FieldSet(null, OtherNode.fields),
          ResponseField.FieldSet("Human", HumanNode.fields),
        ),
      ),
    )


    object Human {
      val fields: Array<ResponseField> = arrayOf(
        ResponseField(
          type = ResponseField.Type.Named.Other("unused").notNull(),
          fieldName = "id",
        ),
        ResponseField(
          type = ResponseField.Type.Named.Other("unused").notNull(),
          fieldName = "name",
        ),
        ResponseField(
          type = ResponseField.Type.Named.Other("unused").notNull(),
          fieldName = "height",
        ),
      )

    }

    object OtherNode {
      val fields: Array<ResponseField> = arrayOf(
        ResponseField.Typename,
      )

    }

    object HumanNode {
      val fields: Array<ResponseField> = arrayOf(
        ResponseField.Typename,
        ResponseField(
          type = ResponseField.Type.Named.Other("unused").notNull(),
          fieldName = "height",
        ),
      )

    }
  }
}
